:camel-quarkus-asn1
:camel-quarkus-asn1-deployment
:camel-quarkus-asn1-integration-test
:camel-quarkus-asn1-parent
:camel-quarkus-bom-test
:camel-quarkus-build-parent-it
:camel-quarkus-caffeine-lrucache
:camel-quarkus-caffeine-lrucache-deployment
:camel-quarkus-caffeine-lrucache-parent
:camel-quarkus-core-cloud
:camel-quarkus-core-cloud-deployment
:camel-quarkus-core-cloud-parent
:camel-quarkus-extensions-jvm
:camel-quarkus-http-common
:camel-quarkus-http-common-deployment
:camel-quarkus-http-common-parent
:camel-quarkus-product
:camel-quarkus-reactive-executor
:camel-quarkus-reactive-executor-deployment
:camel-quarkus-reactive-executor-parent
:camel-quarkus-support-commons-logging
:camel-quarkus-support-commons-logging-deployment
:camel-quarkus-support-commons-logging-parent
:camel-quarkus-test-list
:camel-quarkus-threadpoolfactory-vertx
:camel-quarkus-threadpoolfactory-vertx-deployment
:camel-quarkus-threadpoolfactory-vertx-parent
:camel-quarkus-xml-io-dsl
:camel-quarkus-xml-io-dsl-deployment
:camel-quarkus-xml-io-dsl-parent
:camel-quarkus-xml-jaxb
:camel-quarkus-xml-jaxb-deployment
:camel-quarkus-xml-jaxb-parent
:camel-quarkus-xml-jaxp
:camel-quarkus-xml-jaxp-deployment
:camel-quarkus-xml-jaxp-parent
:camel-quarkus-yaml-dsl
:camel-quarkus-yaml-dsl-deployment
:camel-quarkus-yaml-dsl-parent
